============================= test session starts ==============================
platform linux -- Python 3.11.14, pytest-9.0.2, pluggy-1.6.0 -- /usr/local/bin/python3.11
cachedir: .pytest_cache
django: version: 5.0.14, settings: erp_crm_bulonera.settings.test (from env)
rootdir: /app
configfile: pytest.ini
plugins: Faker-40.5.1, cov-7.0.0, django-4.12.0
collecting ... collected 4 items

inventory/tests/test_api.py::TestInventoryAPI::test_list_movements_authenticated PASSED [ 25%]
inventory/tests/test_api.py::TestInventoryAPI::test_adjust_stock_via_api PASSED [ 50%]
inventory/tests/test_api.py::TestInventoryAPI::test_create_and_complete_stock_count_api FAILED [ 75%]
inventory/tests/test_api.py::TestInventoryAPI::test_access_denied_without_auth PASSED [100%]

=================================== FAILURES ===================================
__________ TestInventoryAPI.test_create_and_complete_stock_count_api ___________
inventory/tests/test_api.py:64: in test_create_and_complete_stock_count_api
    assert complete_response.status_code == 200
E   assert 400 == 200
E    +  where 400 = <Response status_code=400, "application/json">.status_code
        ProductFactory = <class 'inventory.tests.factories.ProductFactory'>
        auth_client = <rest_framework.test.APIClient object at 0x7fab18441210>
        complete_response = <Response status_code=400, "application/json">
        complete_url = '/api/v1/inventory/counts/1/complete/'
        count_id   = 1
        create_response = <Response status_code=201, "application/json">
        create_url = '/api/v1/inventory/counts/'
        inventory_manager = <User: test_manager2 @ (user)>
        item_response = <Response status_code=201, "application/json">
        item_url   = '/api/v1/inventory/count-items/'
        product    = <Product: P-4 - Product 4>
        self       = <inventory.tests.test_api.TestInventoryAPI object at 0x7fab480ddc10>
=========================== short test summary info ============================
FAILED inventory/tests/test_api.py::TestInventoryAPI::test_create_and_complete_stock_count_api - assert 400 == 200
 +  where 400 = <Response status_code=400, "application/json">.status_code
=================== 1 failed, 3 passed, 3 warnings in 8.64s ====================
