============================= test session starts ==============================
platform linux -- Python 3.11.15, pytest-9.0.2, pluggy-1.6.0 -- /usr/local/bin/python3.11
cachedir: .pytest_cache
django: version: 5.0.14, settings: erp_crm_bulonera.settings.test (from env)
rootdir: /app
configfile: pytest.ini
testpaths: tests, products/tests, suppliers/tests
plugins: cov-7.0.0, django-4.12.0, Faker-40.11.0
collecting ... collected 235 items

docker-compose : Creating test database for alias 
'default' 
('file:memorydb_default?mode=memory&cache=shared')...
En línea: 1 Carácter: 1
+ docker-compose exec -e 
DJANGO_SETTINGS_MODULE=erp_crm_bulonera.settin ...
+ ~~~~~~~~~~~~~~~~~~~~~~~~~~~~~~~~~~~~~~~~~~~~~~~~~~~~~~
~~~~~~~~~~~~~~~
    + CategoryInfo          : NotSpecified: (Creating t 
   est d...che=shared')...:String) [], RemoteException
    + FullyQualifiedErrorId : NativeCommandError
 
tests/integration/test_auth_api.py::TestAuthTokenAPI::test_obtain_token Operations to perform:
  Synchronize unmigrated apps: corsheaders, django_filters, drf_spectacular, erp_crm_bulonera, messages, rest_framework, rest_framework_simplejwt, staticfiles, widget_tweaks
  Apply all migrations: admin, afip, auth, bills, common, contenttypes, core, customers, django_celery_beat, inventory, payments, products, sales, sessions, suppliers, token_blacklist
Synchronizing apps without migrations:
  Creating tables...
    Running deferred SQL...
Running migrations:
  Applying contenttypes.0001_initial... OK
  Applying contenttypes.0002_remove_content_type_name... OK
  Applying auth.0001_initial... OK
  Applying auth.0002_alter_permission_name_max_length... OK
  Applying auth.0003_alter_user_email_max_length... OK
  Applying auth.0004_alter_user_username_opts... OK
  Applying auth.0005_alter_user_last_login_null... OK
  Applying auth.0006_require_contenttypes_0002... OK
  Applying auth.0007_alter_validators_add_error_messages... OK
  Applying auth.0008_alter_user_username_max_length... OK
  Applying auth.0009_alter_user_last_name_max_length... OK
  Applying auth.0010_alter_group_name_max_length... OK
  Applying auth.0011_update_proxy_permissions... OK
  Applying auth.0012_alter_user_first_name_max_length... OK
  Applying core.0001_initial... OK
  Applying admin.0001_initial... OK
  Applying admin.0002_logentry_remove_auto_add... OK
  Applying admin.0003_logentry_add_action_flag_choices... OK
  Applying products.0001_initial... OK
  Applying customers.0001_initial... OK
  Applying sales.0001_initial... OK
  Applying afip.0001_initial... OK
  Applying afip.0002_initial... OK
  Applying afip.0003_alter_logarca_error_alter_logarca_request_xml_and_more... OK
  Applying bills.0001_initial... OK
  Applying bills.0002_initial... OK
  Applying common.0001_initial... OK
  Applying common.0002_initial... OK
  Applying core.0002_user_can_manage_suppliers... OK
  Applying customers.0002_alter_customer_cuit_cuil... OK
  Applying django_celery_beat.0001_initial... OK
  Applying django_celery_beat.0002_auto_20161118_0346... OK
  Applying django_celery_beat.0003_auto_20161209_0049... OK
  Applying django_celery_beat.0004_auto_20170221_0000... OK
  Applying django_celery_beat.0005_add_solarschedule_events_choices... OK
  Applying django_celery_beat.0006_auto_20180322_0932... OK
  Applying django_celery_beat.0007_auto_20180521_0826... OK
  Applying django_celery_beat.0008_auto_20180914_1922... OK
  Applying django_celery_beat.0006_auto_20180210_1226... OK
  Applying django_celery_beat.0006_periodictask_priority... OK
  Applying django_celery_beat.0009_periodictask_headers... OK
  Applying django_celery_beat.0010_auto_20190429_0326... OK
  Applying django_celery_beat.0011_auto_20190508_0153... OK
  Applying django_celery_beat.0012_periodictask_expire_seconds... OK
  Applying django_celery_beat.0013_auto_20200609_0727... OK
  Applying django_celery_beat.0014_remove_clockedschedule_enabled... OK
  Applying django_celery_beat.0015_edit_solarschedule_events_choices... OK
  Applying django_celery_beat.0016_alter_crontabschedule_timezone... OK
  Applying django_celery_beat.0017_alter_crontabschedule_month_of_year... OK
  Applying django_celery_beat.0018_improve_crontab_helptext... OK
  Applying django_celery_beat.0019_alter_periodictasks_options... OK
  Applying suppliers.0001_initial... OK
  Applying products.0002_alter_product_category_alter_product_name... OK
  Applying products.0003_alter_product_name... OK
  Applying products.0004_remove_product_products_pr_supplie_ce37fa_idx_and_more... OK
  Applying inventory.0001_initial... OK
  Applying inventory.0002_stockcount_stockcountitem_remove_stock_created_by_and_more... OK
  Applying inventory.0003_alter_stockcount_status... OK
  Applying payments.0001_initial... OK
  Applying products.0005_product_other_codes... OK
  Applying sales.0002_alter_quoteconversion_quote_and_more... OK
  Applying sessions.0001_initial... OK
  Applying suppliers.0002_alter_supplier_cuit_and_more... OK
  Applying token_blacklist.0001_initial... OK
  Applying token_blacklist.0002_outstandingtoken_jti_hex... OK
  Applying token_blacklist.0003_auto_20171017_2007... OK
  Applying token_blacklist.0004_auto_20171017_2013... OK
  Applying token_blacklist.0005_remove_outstandingtoken_jti... OK
  Applying token_blacklist.0006_auto_20171017_2113... OK
  Applying token_blacklist.0007_auto_20171017_2214... OK
  Applying token_blacklist.0008_migrate_to_bigautofield... OK
  Applying token_blacklist.0010_fix_migrate_to_bigautofield... OK
  Applying token_blacklist.0011_linearizes_history... OK
  Applying token_blacklist.0012_alter_outstandingtoken_user... OK
  Applying token_blacklist.0013_alter_blacklistedtoken_options_and_more... OK
PASSED
tests/integration/test_auth_api.py::TestAuthTokenAPI::test_obtain_token_invalid_credentials PASSED
tests/integration/test_auth_api.py::TestAuthTokenAPI::test_refresh_token PASSED
tests/integration/test_auth_api.py::TestAuthTokenAPI::test_verify_token PASSED
tests/integration/test_auth_api.py::TestAuthTokenAPI::test_me_endpoint PASSED
tests/integration/test_auth_api.py::TestAuthTokenAPI::test_me_endpoint_unauthenticated PASSED
tests/integration/test_customers_api.py::TestCustomerAPI::test_list_customers PASSED
tests/integration/test_customers_api.py::TestCustomerAPI::test_create_customer FAILED
tests/integration/test_customers_api.py::TestCustomerAPI::test_create_customer_duplicate_cuit PASSED
tests/integration/test_customers_api.py::TestCustomerAPI::test_retrieve_customer PASSED
tests/integration/test_customers_api.py::TestCustomerAPI::test_update_customer PASSED
tests/integration/test_customers_api.py::TestCustomerAPI::test_delete_customer PASSED
tests/integration/test_customers_api.py::TestCustomerAPI::test_customer_filter_by_type PASSED
tests/integration/test_customers_api.py::TestCustomerAPI::test_customer_search_by_name PASSED
tests/integration/test_customers_api.py::TestCustomerAPI::test_customer_list_pagination PASSED
tests/integration/test_permissions.py::TestPermissionsMatrix::test_admin_can_create_customer FAILED
tests/integration/test_permissions.py::TestPermissionsMatrix::test_operator_without_permission_cannot_create_customer PASSED
tests/integration/test_permissions.py::TestPermissionsMatrix::test_operator_with_permission_can_create_customer FAILED
tests/integration/test_permissions.py::TestPermissionsMatrix::test_viewer_can_only_list PASSED
tests/integration/test_permissions.py::TestPermissionsMatrix::test_unauthenticated_cannot_access PASSED
tests/integration/test_products_api.py::TestProductCRUD::test_list_products PASSED
tests/integration/test_products_api.py::TestProductCRUD::test_retrieve_product PASSED
tests/integration/test_products_api.py::TestProductCRUD::test_create_product PASSED
tests/integration/test_products_api.py::TestProductCRUD::test_create_product_duplicate_code PASSED
tests/integration/test_products_api.py::TestProductCRUD::test_update_product PASSED
tests/integration/test_products_api.py::TestProductCRUD::test_delete_product PASSED
tests/integration/test_products_api.py::TestProductCRUD::test_search_by_code PASSED
tests/integration/test_products_api.py::TestProductActions::test_update_price PASSED
tests/integration/test_products_api.py::TestProductActions::test_price_lists PASSED
tests/integration/test_products_api.py::TestProductActions::test_export_excel PASSED
tests/integration/test_products_api.py::TestProductActions::test_export_for_web PASSED
tests/integration/test_products_api.py::TestCategoryAPI::test_list_categories PASSED
tests/integration/test_products_api.py::TestCategoryAPI::test_create_category PASSED
tests/integration/test_products_api.py::TestPriceListAPI::test_list_price_lists PASSED
tests/integration/test_products_api.py::TestPriceListAPI::test_create_price_list PASSED
tests/integration/test_products_api.py::TestProductPermissions::test_operator_cannot_create_product PASSED
tests/integration/test_products_api.py::TestProductPermissions::test_unauthenticated_cannot_access PASSED
tests/integration/test_products_api.py::TestProductModel::test_auto_slug_generation PASSED
tests/integration/test_products_api.py::TestProductModel::test_auto_name_with_dimensions PASSED
tests/integration/test_products_api.py::TestProductModel::test_get_base_name PASSED
tests/integration/test_products_api.py::TestProductModel::test_sale_price_with_tax PASSED
tests/integration/test_products_api.py::TestProductModel::test_profit_margin PASSED
tests/integration/test_products_api.py::TestProductModel::test_auto_sku_defaults_to_code PASSED
tests/integration/test_products_api.py::TestPriceListModel::test_discount_calculation PASSED
tests/integration/test_products_api.py::TestPriceListModel::test_surcharge_calculation PASSED
tests/integration/test_sales_api.py::TestSaleAPI::test_list_sales PASSED
tests/integration/test_sales_api.py::TestSaleAPI::test_create_sale PASSED
tests/integration/test_sales_api.py::TestSaleAPI::test_retrieve_sale PASSED
tests/integration/test_sales_api.py::TestSaleAPI::test_confirm_sale PASSED
tests/integration/test_sales_api.py::TestSaleAPI::test_cancel_sale PASSED
tests/integration/test_sales_api.py::TestSaleAPI::test_move_status_flow PASSED
tests/integration/test_sales_api.py::TestSaleAPI::test_invalid_status_transition PASSED
tests/integration/test_sales_api.py::TestSaleAPI::test_sale_filter_by_status PASSED
tests/integration/test_sales_api.py::TestSaleAPI::test_sale_filter_by_customer PASSED
tests/integration/test_sales_api.py::TestSaleAPI::test_sale_search_by_number PASSED
tests/integration/test_sales_api.py::TestQuoteAPI::test_list_quotes PASSED
tests/integration/test_sales_api.py::TestQuoteAPI::test_create_quote PASSED
products/tests/test_api_views.py::TestProductAPI::test_list_requires_auth PASSED
products/tests/test_api_views.py::TestProductAPI::test_list_authenticated PASSED
products/tests/test_api_views.py::TestProductAPI::test_search_by_name PASSED
products/tests/test_api_views.py::TestProductAPI::test_create_product PASSED
products/tests/test_api_views.py::TestProductAPI::test_create_without_permission PASSED
products/tests/test_api_views.py::TestProductAPI::test_create_duplicate_code PASSED
products/tests/test_api_views.py::TestProductAPI::test_update_product PASSED
products/tests/test_api_views.py::TestProductAPI::test_partial_update PASSED
products/tests/test_api_views.py::TestProductAPI::test_delete_soft PASSED
products/tests/test_api_views.py::TestProductAPI::test_filter_by_category PASSED
products/tests/test_api_views.py::TestProductAPI::test_update_price_action PASSED
products/tests/test_api_views.py::TestProductAPI::test_price_lists_action PASSED
products/tests/test_api_views.py::TestProductAPI::test_export_excel_action PASSED
products/tests/test_api_views.py::TestProductAPI::test_export_for_web_action PASSED
products/tests/test_api_views.py::TestProductAPI::test_retrieve_detail PASSED
products/tests/test_api_views.py::TestCategoryAPI::test_list_categories PASSED
products/tests/test_api_views.py::TestCategoryAPI::test_create_category PASSED
products/tests/test_api_views.py::TestPriceListAPI::test_list_price_lists PASSED
products/tests/test_api_views.py::TestPriceListAPI::test_create_price_list PASSED
products/tests/test_import_export.py::TestProductImportService::test_import_valid_products PASSED
products/tests/test_import_export.py::TestProductImportService::test_import_updates_existing PASSED
products/tests/test_import_export.py::TestProductImportService::test_import_invalid_rows PASSED
products/tests/test_import_export.py::TestProductImportService::test_import_creates_category PASSED
products/tests/test_import_export.py::TestProductImportService::test_import_with_subcategories PASSED
products/tests/test_import_export.py::TestProductImportService::test_import_technical_fields PASSED
products/tests/test_import_export.py::TestProductImportService::test_import_empty_file PASSED
products/tests/test_import_export.py::TestProductImportService::test_import_csv PASSED
products/tests/test_import_export.py::TestProductImportService::test_import_preserves_decimals PASSED
products/tests/test_import_export.py::TestProductImportService::test_import_bulk PASSED
products/tests/test_import_export.py::TestProductImportService::test_import_restores_soft_deleted PASSED
products/tests/test_import_export.py::TestProductExportService::test_export_to_excel PASSED
products/tests/test_import_export.py::TestProductExportService::test_export_filtered PASSED
products/tests/test_import_export.py::TestProductExportService::test_export_includes_technical_fields PASSED
products/tests/test_import_export.py::TestProductExportService::test_export_for_web_column_order PASSED
products/tests/test_models.py::TestCategoryModel::test_crear_categoria_valida PASSED
products/tests/test_models.py::TestCategoryModel::test_slug_se_genera_automaticamente PASSED
products/tests/test_models.py::TestCategoryModel::test_nombre_categoria_unico PASSED
products/tests/test_models.py::TestCategoryModel::test_orden_por_defecto PASSED
products/tests/test_models.py::TestCategoryModel::test_str_representation PASSED
products/tests/test_models.py::TestSubcategoryModel::test_crear_subcategoria PASSED
products/tests/test_models.py::TestSubcategoryModel::test_slug_subcategoria PASSED
products/tests/test_models.py::TestSubcategoryModel::test_subcategoria_on_delete_set_null PASSED
products/tests/test_models.py::TestSubcategoryModel::test_faqs_json_field PASSED
products/tests/test_models.py::TestProductModel::test_crear_producto_basico PASSED
products/tests/test_models.py::TestProductModel::test_slug_desde_nombre PASSED
products/tests/test_models.py::TestProductModel::test_codigo_unico PASSED
products/tests/test_models.py::TestProductModel::test_nombre_ya_no_es_unico PASSED
products/tests/test_models.py::TestProductModel::test_soft_delete_libera_codigo PASSED
products/tests/test_models.py::TestProductModel::test_precio_no_negativo PASSED
products/tests/test_models.py::TestProductModel::test_costo_no_negativo PASSED
products/tests/test_models.py::TestProductModel::test_precio_default_cero PASSED
products/tests/test_models.py::TestProductModel::test_iva_default_21 PASSED
products/tests/test_models.py::TestProductModel::test_sale_price_with_tax PASSED
products/tests/test_models.py::TestProductModel::test_profit_margin_percentage PASSED
products/tests/test_models.py::TestProductModel::test_profit_amount PASSED
products/tests/test_models.py::TestProductModel::test_stock_default_cero PASSED
products/tests/test_models.py::TestProductModel::test_min_stock_default_cero PASSED
products/tests/test_models.py::TestProductModel::test_stock_control_disabled_by_default PASSED
products/tests/test_models.py::TestProductModel::test_multiples_subcategorias PASSED
products/tests/test_models.py::TestProductModel::test_sin_subcategorias PASSED
products/tests/test_models.py::TestProductModel::test_campos_tecnicos_opcionales PASSED
products/tests/test_models.py::TestProductModel::test_nombre_auto_concat_dimensiones PASSED
products/tests/test_models.py::TestProductModel::test_get_base_name PASSED
products/tests/test_models.py::TestProductModel::test_sku_defaults_to_code PASSED
products/tests/test_models.py::TestProductModel::test_soft_delete PASSED
products/tests/test_models.py::TestProductModel::test_restore PASSED
products/tests/test_models.py::TestProductModel::test_campos_auditoria PASSED
products/tests/test_models.py::TestProductModel::test_condicion_new_por_defecto PASSED
products/tests/test_models.py::TestProductModel::test_condicion_used PASSED
products/tests/test_models.py::TestProductModel::test_meta_seo_auto_generated PASSED
products/tests/test_models.py::TestPriceListModel::test_crear_lista_descuento PASSED
products/tests/test_models.py::TestPriceListModel::test_crear_lista_recargo PASSED
products/tests/test_models.py::TestPriceListModel::test_prioridad_default PASSED
products/tests/test_models.py::TestPriceListModel::test_calculate_price_discount PASSED
products/tests/test_models.py::TestPriceListModel::test_calculate_price_surcharge PASSED
products/tests/test_models.py::TestPriceListModel::test_calculate_price_custom_tax PASSED
products/tests/test_models.py::TestPriceListModel::test_str_representation PASSED
products/tests/test_models.py::TestProductImageModel::test_crear_imagen PASSED
products/tests/test_models.py::TestProductImageModel::test_order_default PASSED
products/tests/test_models.py::TestProductImageModel::test_multiples_imagenes PASSED
products/tests/test_price_calculations.py::TestPriceCalculations::test_sale_price_with_tax_21 PASSED
products/tests/test_price_calculations.py::TestPriceCalculations::test_sale_price_with_tax_105 PASSED
products/tests/test_price_calculations.py::TestPriceCalculations::test_sale_price_zero_tax PASSED
products/tests/test_price_calculations.py::TestPriceCalculations::test_profit_margin_percentage_100 PASSED
products/tests/test_price_calculations.py::TestPriceCalculations::test_profit_margin_zero_cost PASSED
products/tests/test_price_calculations.py::TestPriceCalculations::test_discount_10_percent PASSED
products/tests/test_price_calculations.py::TestPriceCalculations::test_discount_25_percent PASSED
products/tests/test_price_calculations.py::TestPriceCalculations::test_surcharge_20_percent PASSED
products/tests/test_price_calculations.py::TestPriceCalculations::test_surcharge_30_percent PASSED
products/tests/test_price_calculations.py::TestPriceCalculations::test_cascaded_discounts PASSED
products/tests/test_price_calculations.py::TestPriceCalculations::test_discount_then_surcharge PASSED
products/tests/test_price_calculations.py::TestPriceCalculations::test_rounding_precision PASSED
products/tests/test_price_calculations.py::TestPriceCalculations::test_large_percentage_discount PASSED
products/tests/test_price_calculations.py::TestPriceCalculations::test_zero_percent_no_change PASSED
products/tests/test_services.py::TestProductService::test_create_product PASSED
products/tests/test_services.py::TestProductService::test_create_duplicate_code_fails PASSED
products/tests/test_services.py::TestProductService::test_create_without_code_fails PASSED
products/tests/test_services.py::TestProductService::test_create_product_with_subcategories PASSED
products/tests/test_services.py::TestProductService::test_update_product PASSED
products/tests/test_services.py::TestProductService::test_update_price PASSED
products/tests/test_services.py::TestProductService::test_update_price_negative_fails PASSED
products/tests/test_services.py::TestProductService::test_soft_delete PASSED
products/tests/test_services.py::TestPriceService::test_calculate_base_prices PASSED
products/tests/test_services.py::TestPriceService::test_calculate_with_discount_list PASSED
products/tests/test_services.py::TestPriceService::test_calculate_with_surcharge_list PASSED
products/tests/test_services.py::TestPriceService::test_inactive_lists_excluded PASSED
products/tests/test_services.py::TestPriceService::test_multiple_lists_ordered_by_priority PASSED
products/tests/test_validators.py::TestProductValidators::test_price_no_negativo PASSED
products/tests/test_validators.py::TestProductValidators::test_cost_no_negativo PASSED
products/tests/test_validators.py::TestProductValidators::test_price_cero_valido PASSED
products/tests/test_validators.py::TestProductValidators::test_precision_decimal_preserved PASSED
products/tests/test_validators.py::TestProductValidators::test_code_vacio_falla PASSED
products/tests/test_validators.py::TestProductValidators::test_name_opcional PASSED
products/tests/test_validators.py::TestProductValidators::test_code_longitud_maxima PASSED
products/tests/test_validators.py::TestProductValidators::test_name_longitud_maxima PASSED
products/tests/test_validators.py::TestProductValidators::test_category_opcional PASSED
products/tests/test_validators.py::TestProductValidators::test_subcategorias_opcionales PASSED
products/tests/test_validators.py::TestProductValidators::test_slug_unique_auto_increment PASSED
products/tests/test_web_views.py::TestProductListView::test_requires_login PASSED
products/tests/test_web_views.py::TestProductListView::test_list_page_loads PASSED
products/tests/test_web_views.py::TestProductListView::test_list_empty PASSED
products/tests/test_web_views.py::TestProductListView::test_search_filter PASSED
products/tests/test_web_views.py::TestProductListView::test_category_filter PASSED
products/tests/test_web_views.py::TestProductDetailView::test_detail_loads PASSED
products/tests/test_web_views.py::TestProductDetailView::test_detail_404 PASSED
products/tests/test_web_views.py::TestProductCreateView::test_create_get PASSED
products/tests/test_web_views.py::TestProductCreateView::test_create_post_valid PASSED
products/tests/test_web_views.py::TestProductCreateView::test_create_post_duplicate_code PASSED
products/tests/test_web_views.py::TestProductCreateView::test_create_no_permission PASSED
products/tests/test_web_views.py::TestProductEditView::test_edit_get PASSED
products/tests/test_web_views.py::TestProductEditView::test_edit_post_valid PASSED
products/tests/test_web_views.py::TestProductEditView::test_edit_no_permission PASSED
products/tests/test_web_views.py::TestProductDeleteView::test_delete_post PASSED
products/tests/test_web_views.py::TestProductDeleteView::test_delete_get_redirects PASSED
products/tests/test_web_views.py::TestProductDeleteView::test_delete_no_permission PASSED
products/tests/test_web_views.py::TestProductImportView::test_import_get PASSED
products/tests/test_web_views.py::TestProductImportView::test_import_no_permission PASSED
products/tests/test_web_views.py::TestProductImportView::test_import_post_no_file PASSED
products/tests/test_web_views.py::TestImportReportView::test_report_no_task PASSED
products/tests/test_web_views.py::TestImportReportView::test_report_with_fake_task PASSED
suppliers/tests/test_api.py::TestSupplierAPI::test_list_suppliers PASSED
suppliers/tests/test_api.py::TestSupplierAPI::test_create_supplier PASSED
suppliers/tests/test_api.py::TestSupplierAPI::test_retrieve_supplier PASSED
suppliers/tests/test_api.py::TestSupplierAPI::test_update_supplier PASSED
suppliers/tests/test_api.py::TestSupplierAPI::test_partial_update_supplier PASSED
suppliers/tests/test_api.py::TestSupplierAPI::test_delete_supplier PASSED
suppliers/tests/test_api.py::TestSupplierAPI::test_supplier_stats PASSED
suppliers/tests/test_api.py::TestSupplierAPI::test_supplier_products PASSED
suppliers/tests/test_api.py::TestSupplierAPI::test_search_filter PASSED
suppliers/tests/test_api.py::TestSupplierAPI::test_tax_condition_filter PASSED
suppliers/tests/test_api.py::TestSupplierAPI::test_unauthenticated_access PASSED
suppliers/tests/test_api.py::TestSupplierAPI::test_duplicate_cuit_rejected PASSED
suppliers/tests/test_api.py::TestSupplierTagAPI::test_list_tags PASSED
suppliers/tests/test_api.py::TestSupplierTagAPI::test_create_tag PASSED
suppliers/tests/test_api.py::TestSupplierTagAPI::test_delete_tag PASSED
suppliers/tests/test_models.py::TestSupplierTag::test_create_tag PASSED
suppliers/tests/test_models.py::TestSupplierTag::test_tag_str PASSED
suppliers/tests/test_models.py::TestSupplierTag::test_tag_unique_name PASSED
suppliers/tests/test_models.py::TestSupplierTag::test_tag_soft_delete PASSED
suppliers/tests/test_models.py::TestSupplier::test_create_supplier PASSED
suppliers/tests/test_models.py::TestSupplier::test_supplier_str_with_trade_name PASSED
suppliers/tests/test_models.py::TestSupplier::test_supplier_str_without_trade_name PASSED
suppliers/tests/test_models.py::TestSupplier::test_supplier_display_name PASSED
suppliers/tests/test_models.py::TestSupplier::test_supplier_display_name_fallback PASSED
suppliers/tests/test_models.py::TestSupplier::test_supplier_payment_term_display PASSED
suppliers/tests/test_models.py::TestSupplier::test_supplier_payment_term_contado PASSED
suppliers/tests/test_models.py::TestSupplier::test_supplier_has_debt PASSED
suppliers/tests/test_models.py::TestSupplier::test_supplier_cuit_unique PASSED
suppliers/tests/test_models.py::TestSupplier::test_supplier_soft_delete_releases_cuit PASSED
suppliers/tests/test_models.py::TestSupplier::test_supplier_tags_m2m PASSED
suppliers/tests/test_models.py::TestSupplier::test_supplier_default_values PASSED
suppliers/tests/test_models.py::TestSupplier::test_payment_day_validation PASSED
suppliers/tests/test_services.py::TestSupplierService::test_create_supplier PASSED
suppliers/tests/test_services.py::TestSupplierService::test_create_supplier_with_tags PASSED
suppliers/tests/test_services.py::TestSupplierService::test_update_supplier PASSED
suppliers/tests/test_services.py::TestSupplierService::test_soft_delete PASSED
suppliers/tests/test_services.py::TestSupplierService::test_get_supplier_stats PASSED
Destroying test database for alias 'default' 
('file:memorydb_default?mode=memory&cache=shared')...
suppliers/tests/test_services.py::TestSupplierService::test_create_supplier_duplicate_cuit PASSED

=================================== FAILURES ===================================
_____________________ TestCustomerAPI.test_create_customer _____________________
tests/integration/test_customers_api.py:36: in test_create_customer
    assert response.status_code == status.HTTP_201_CREATED, f"Error: {response.data}"
E   AssertionError: Error: {'success': False, 'error': {'code': 'VALIDATION_ERROR', 'message': 'cuit_cuil: Debe contener solo n├║meros, entre 7 y 11 d├¡gitos.', 'details': {'cuit_cuil': [ErrorDetail(string='Debe contener solo n├║meros, entre 7 y 11 d├¡gitos.', code='invalid'), ErrorDetail(string='Aseg├║rese de que este campo no tenga m├ís de 11 caracteres.', code='max_length')]}, 'trace_id': '6b04f58c-8111-494e-b075-328bf31866fc'}}
E   assert 400 == 201
E    +  where 400 = <Response status_code=400, "application/json">.status_code
E    +  and   201 = status.HTTP_201_CREATED
_____________ TestPermissionsMatrix.test_admin_can_create_customer _____________
tests/integration/test_permissions.py:28: in test_admin_can_create_customer
    assert response.status_code == status.HTTP_201_CREATED, f"Error: {response.data}"
E   AssertionError: Error: {'success': False, 'error': {'code': 'VALIDATION_ERROR', 'message': 'cuit_cuil: Debe contener solo n├║meros, entre 7 y 11 d├¡gitos.', 'details': {'cuit_cuil': [ErrorDetail(string='Debe contener solo n├║meros, entre 7 y 11 d├¡gitos.', code='invalid'), ErrorDetail(string='Aseg├║rese de que este campo no tenga m├ís de 11 caracteres.', code='max_length')]}, 'trace_id': '1659929e-9f71-4554-a999-10ab5281c33f'}}
E   assert 400 == 201
E    +  where 400 = <Response status_code=400, "application/json">.status_code
E    +  and   201 = status.HTTP_201_CREATED
___ TestPermissionsMatrix.test_operator_with_permission_can_create_customer ____
tests/integration/test_permissions.py:74: in test_operator_with_permission_can_create_customer
    assert response.status_code == status.HTTP_201_CREATED, f"Error: {response.data}"
E   AssertionError: Error: {'success': False, 'error': {'code': 'VALIDATION_ERROR', 'message': 'cuit_cuil: Debe contener solo n├║meros, entre 7 y 11 d├¡gitos.', 'details': {'cuit_cuil': [ErrorDetail(string='Debe contener solo n├║meros, entre 7 y 11 d├¡gitos.', code='invalid'), ErrorDetail(string='Aseg├║rese de que este campo no tenga m├ís de 11 caracteres.', code='max_length')]}, 'trace_id': 'f10705cb-a127-433a-b7a7-d9c64f565029'}}
E   assert 400 == 201
E    +  where 400 = <Response status_code=400, "application/json">.status_code
E    +  and   201 = status.HTTP_201_CREATED
=========================== short test summary info ============================
FAILED tests/integration/test_customers_api.py::TestCustomerAPI::test_create_customer - AssertionError: Error: {'success': False, 'error': {'code': 'VALIDATION_ERROR', 'message': 'cuit_cuil: Debe contener solo n├║meros, entre 7 y 11 d├¡gitos.', 'details': {'cuit_cuil': [ErrorDetail(string='Debe contener solo n├║meros, entre 7 y 11 d├¡gitos.', code='invalid'), ErrorDetail(string='Aseg├║rese de que este campo no tenga m├ís de 11 caracteres.', code='max_length')]}, 'trace_id': '6b04f58c-8111-494e-b075-328bf31866fc'}}
assert 400 == 201
 +  where 400 = <Response status_code=400, "application/json">.status_code
 +  and   201 = status.HTTP_201_CREATED
FAILED tests/integration/test_permissions.py::TestPermissionsMatrix::test_admin_can_create_customer - AssertionError: Error: {'success': False, 'error': {'code': 'VALIDATION_ERROR', 'message': 'cuit_cuil: Debe contener solo n├║meros, entre 7 y 11 d├¡gitos.', 'details': {'cuit_cuil': [ErrorDetail(string='Debe contener solo n├║meros, entre 7 y 11 d├¡gitos.', code='invalid'), ErrorDetail(string='Aseg├║rese de que este campo no tenga m├ís de 11 caracteres.', code='max_length')]}, 'trace_id': '1659929e-9f71-4554-a999-10ab5281c33f'}}
assert 400 == 201
 +  where 400 = <Response status_code=400, "application/json">.status_code
 +  and   201 = status.HTTP_201_CREATED
FAILED tests/integration/test_permissions.py::TestPermissionsMatrix::test_operator_with_permission_can_create_customer - AssertionError: Error: {'success': False, 'error': {'code': 'VALIDATION_ERROR', 'message': 'cuit_cuil: Debe contener solo n├║meros, entre 7 y 11 d├¡gitos.', 'details': {'cuit_cuil': [ErrorDetail(string='Debe contener solo n├║meros, entre 7 y 11 d├¡gitos.', code='invalid'), ErrorDetail(string='Aseg├║rese de que este campo no tenga m├ís de 11 caracteres.', code='max_length')]}, 'trace_id': 'f10705cb-a127-433a-b7a7-d9c64f565029'}}
assert 400 == 201
 +  where 400 = <Response status_code=400, "application/json">.status_code
 +  and   201 = status.HTTP_201_CREATED
================== 3 failed, 232 passed, 3 warnings in 35.98s ==================
